Colonel Mustard : Kitchen 
Miss Scarlet : Conservatory 
Mrs. Peacock : Dining Room 
Mrs. White : Billiard Room 
Professor Plum : Study 
