[John] => John 
[Yoko] => Yoko 
[Paul] => Paul 
[George] => George 
[Ringo] => Ringo 
