This file is called
GettingStarted.seeingFilesSideBySide
