Person
  FirstName:jayne
  LastName:cobb
  Sex:Male
  Age:38
